Archive member included because of file (symbol)

c:/winavr-20070525/bin/../lib/gcc/avr/4.1.2/avr5\libgcc.a(_udivmodhi4.o)
                              conio.o (__udivmodhi4)
c:/winavr-20070525/bin/../lib/gcc/avr/4.1.2/avr5\libgcc.a(_exit.o)
                              c:/winavr-20070525/bin/../lib/gcc/avr/4.1.2/../../../../avr/lib/avr5/crtm64.o (exit)
c:/winavr-20070525/bin/../lib/gcc/avr/4.1.2/avr5\libgcc.a(_copy_data.o)
                              enc28j60.o (__do_copy_data)
c:/winavr-20070525/bin/../lib/gcc/avr/4.1.2/avr5\libgcc.a(_clear_bss.o)
                              enc28j60.o (__do_clear_bss)
c:/winavr-20070525/bin/../lib/gcc/avr/4.1.2/../../../../avr/lib/avr5\libc.a(isalnum.o)
                              udpcmd.o (isalnum)
c:/winavr-20070525/bin/../lib/gcc/avr/4.1.2/../../../../avr/lib/avr5\libc.a(cty_isfalse.o)
                              c:/winavr-20070525/bin/../lib/gcc/avr/4.1.2/../../../../avr/lib/avr5\libc.a(isalnum.o) (__ctype_isfalse)
c:/winavr-20070525/bin/../lib/gcc/avr/4.1.2/../../../../avr/lib/avr5\libc.a(isalpha.o)
                              c:/winavr-20070525/bin/../lib/gcc/avr/4.1.2/../../../../avr/lib/avr5\libc.a(isalnum.o) (isalpha)
c:/winavr-20070525/bin/../lib/gcc/avr/4.1.2/../../../../avr/lib/avr5\libc.a(isdigit.o)
                              c:/winavr-20070525/bin/../lib/gcc/avr/4.1.2/../../../../avr/lib/avr5\libc.a(isalnum.o) (isdigit)
c:/winavr-20070525/bin/../lib/gcc/avr/4.1.2/../../../../avr/lib/avr5\libc.a(toupper.o)
                              udpcmd.o (toupper)
c:/winavr-20070525/bin/../lib/gcc/avr/4.1.2/../../../../avr/lib/avr5\libc.a(memcmp.o)
                              emain.o (memcmp)
c:/winavr-20070525/bin/../lib/gcc/avr/4.1.2/../../../../avr/lib/avr5\libc.a(strcmp.o)
                              resolve.o (strcmp)
c:/winavr-20070525/bin/../lib/gcc/avr/4.1.2/../../../../avr/lib/avr5\libc.a(ee_rb.1C1D1E.o)
                              globals.o (__eeprom_read_byte_1C1D1E)
c:/winavr-20070525/bin/../lib/gcc/avr/4.1.2/../../../../avr/lib/avr5\libc.a(ee_wb.1C1D1E.o)
                              globals.o (__eeprom_write_byte_1C1D1E)

Allocating common symbols
Common symbol       size              file

DhcpTransactID      0x4               dhcp.o
smbuff1             0x19              emain.o
elink               0x1               ircmd.o
tmpflag             0x1               ircmd.o
TIMER_Second        0x1               time.o
dhcpflags           0x1               dhcp.o
mm                  0x2a              globals.o
ArpCache            0x60              arp.o
dhcp_timer          0x2               dhcp.o
udp_len             0x2               udpcmd.o
foundip             0x4               resolve.o
ICMP_Callback       0x2               mip.o
TIMER_Tick          0x2               time.o
UART0_RxHead        0x1               console.o
DhcpLeaseTime       0x4               dhcp.o
udp_socket          0x8               mudp.o
DhcpServerIP        0x4               dhcp.o
TCPSendTime         0x2               ircmd.o
NextPacketPtr       0x2               enc28j60.o
UART0_RxBuffer      0x45              console.o
myip                0x4               mip.o
ircmd_state         0x1               ircmd.o
memory              0x320             memory.o
snd_count           0x2               ircmd.o
tcp_socket          0x38              mtcp.o
udp_active          0x1               udpcmd.o
soc_num             0x1               ircmd.o
TIMER_wdt           0x1               time.o
netmask             0x4               mip.o
UART0_RxSize        0x1               console.o
smbuff2             0x19              emain.o
TIMER_Counter       0x1               time.o
ipid                0x2               mip.o
sockets             0x3               ircmd.o
dtrflag             0x1               ircmd.o
MyAddr              0xc               arp.o
active_soc          0x1               ircmd.o
Enc28j60Bank        0x1               enc28j60.o
snd_buff            0x80              ircmd.o
udp_ip              0x4               udpcmd.o
smbuff              0x10              emain.o
UART0_Ready         0x1               console.o
UART0_RxTail        0x1               console.o
rx_pkt              0x2c0             globals.o
ircmd_buf           0x42              ircmd.o
arppendtime         0x2               mip.o
arppend             0x2               mip.o
free_list           0x2               memory.o
udp_sp              0x2               udpcmd.o
udp_ptr             0x2               udpcmd.o

Discarded input sections

 .stabstr       0x00000000        0x0 c:/winavr-20070525/bin/../lib/gcc/avr/4.1.2/../../../../avr/lib/avr5/crtm64.o

Memory Configuration

Name             Origin             Length             Attributes
text             0x00000000         0x00020000         xr
data             0x00800060         0x0000ffa0         rw !x
eeprom           0x00810000         0x00010000         rw !x
*default*        0x00000000         0xffffffff

Linker script and memory map

Address of section .data set to 0x800100
LOAD c:/winavr-20070525/bin/../lib/gcc/avr/4.1.2/../../../../avr/lib/avr5/crtm64.o
LOAD enc28j60.o
LOAD emain.o
LOAD conio.o
LOAD console.o
LOAD time.o
LOAD globals.o
LOAD arp.o
LOAD udpcmd.o
LOAD mip.o
LOAD autobaud.o
LOAD ircmd.o
LOAD mtcp.o
LOAD mudp.o
LOAD resolve.o
LOAD memory.o
LOAD msg.o
LOAD sreg.o
LOAD dhcp.o
LOAD c:/winavr-20070525/bin/../lib/gcc/avr/4.1.2/../../../../avr/lib/avr5\libm.a
LOAD c:/winavr-20070525/bin/../lib/gcc/avr/4.1.2/avr5\libgcc.a
LOAD c:/winavr-20070525/bin/../lib/gcc/avr/4.1.2/../../../../avr/lib/avr5\libc.a
LOAD c:/winavr-20070525/bin/../lib/gcc/avr/4.1.2/avr5\libgcc.a

.hash
 *(.hash)

.dynsym
 *(.dynsym)

.dynstr
 *(.dynstr)

.gnu.version
 *(.gnu.version)

.gnu.version_d
 *(.gnu.version_d)

.gnu.version_r
 *(.gnu.version_r)

.rel.init
 *(.rel.init)

.rela.init
 *(.rela.init)

.rel.text
 *(.rel.text)
 *(.rel.text.*)
 *(.rel.gnu.linkonce.t*)

.rela.text
 *(.rela.text)
 *(.rela.text.*)
 *(.rela.gnu.linkonce.t*)

.rel.fini
 *(.rel.fini)

.rela.fini
 *(.rela.fini)

.rel.rodata
 *(.rel.rodata)
 *(.rel.rodata.*)
 *(.rel.gnu.linkonce.r*)

.rela.rodata
 *(.rela.rodata)
 *(.rela.rodata.*)
 *(.rela.gnu.linkonce.r*)

.rel.data
 *(.rel.data)
 *(.rel.data.*)
 *(.rel.gnu.linkonce.d*)

.rela.data
 *(.rela.data)
 *(.rela.data.*)
 *(.rela.gnu.linkonce.d*)

.rel.ctors
 *(.rel.ctors)

.rela.ctors
 *(.rela.ctors)

.rel.dtors
 *(.rel.dtors)

.rela.dtors
 *(.rela.dtors)

.rel.got
 *(.rel.got)

.rela.got
 *(.rela.got)

.rel.bss
 *(.rel.bss)

.rela.bss
 *(.rela.bss)

.rel.plt
 *(.rel.plt)

.rela.plt
 *(.rela.plt)

.text           0x00000000     0x4994
 *(.vectors)
 .vectors       0x00000000       0x8c c:/winavr-20070525/bin/../lib/gcc/avr/4.1.2/../../../../avr/lib/avr5/crtm64.o
                0x00000000                __vectors
                0x00000000                __vector_default
 *(.vectors)
 *(.progmem.gcc*)
 *(.progmem*)
 .progmem.data  0x0000008c       0x10 autobaud.o
 .progmem.data  0x0000009c       0x6f msg.o
                0x0000010c                . = ALIGN (0x2)
 *fill*         0x0000010b        0x1 00
                0x0000010c                __trampolines_start = .
 *(.trampolines)
 .trampolines   0x0000010c        0x0 linker stubs
 *(.trampolines*)
                0x0000010c                __trampolines_end = .
 *(.jumptables)
 *(.jumptables*)
 *(.lowtext)
 *(.lowtext*)
                0x0000010c                __ctors_start = .
 *(.ctors)
                0x0000010c                __ctors_end = .
                0x0000010c                __dtors_start = .
 *(.dtors)
                0x0000010c                __dtors_end = .
 SORT(*)(.ctors)
 SORT(*)(.dtors)
 *(.init0)
 .init0         0x0000010c        0x0 c:/winavr-20070525/bin/../lib/gcc/avr/4.1.2/../../../../avr/lib/avr5/crtm64.o
                0x0000010c                __init
 *(.init0)
 *(.init1)
 *(.init1)
 *(.init2)
 .init2         0x0000010c        0xc c:/winavr-20070525/bin/../lib/gcc/avr/4.1.2/../../../../avr/lib/avr5/crtm64.o
 *(.init2)
 *(.init3)
 *(.init3)
 *(.init4)
 .init4         0x00000118       0x16 c:/winavr-20070525/bin/../lib/gcc/avr/4.1.2/avr5\libgcc.a(_copy_data.o)
                0x00000118                __do_copy_data
 .init4         0x0000012e       0x10 c:/winavr-20070525/bin/../lib/gcc/avr/4.1.2/avr5\libgcc.a(_clear_bss.o)
                0x0000012e                __do_clear_bss
 *(.init4)
 *(.init5)
 *(.init5)
 *(.init6)
 *(.init6)
 *(.init7)
 *(.init7)
 *(.init8)
 *(.init8)
 *(.init9)
 .init9         0x0000013e        0x8 c:/winavr-20070525/bin/../lib/gcc/avr/4.1.2/../../../../avr/lib/avr5/crtm64.o
 *(.init9)
 *(.text)
 .text          0x00000146        0x4 c:/winavr-20070525/bin/../lib/gcc/avr/4.1.2/../../../../avr/lib/avr5/crtm64.o
                0x00000146                __vector_22
                0x00000146                __vector_28
                0x00000146                __vector_1
                0x00000146                __vector_32
                0x00000146                __vector_34
                0x00000146                __vector_24
                0x00000146                __vector_12
                0x00000146                __bad_interrupt
                0x00000146                __vector_6
                0x00000146                __vector_31
                0x00000146                __vector_3
                0x00000146                __vector_23
                0x00000146                __vector_30
                0x00000146                __vector_25
                0x00000146                __vector_11
                0x00000146                __vector_13
                0x00000146                __vector_17
                0x00000146                __vector_19
                0x00000146                __vector_7
                0x00000146                __vector_27
                0x00000146                __vector_5
                0x00000146                __vector_33
                0x00000146                __vector_4
                0x00000146                __vector_9
                0x00000146                __vector_2
                0x00000146                __vector_21
                0x00000146                __vector_15
                0x00000146                __vector_29
                0x00000146                __vector_26
                0x00000146                __vector_10
 .text          0x0000014a      0x6da enc28j60.o
                0x00000238                nicGetMacAddress
                0x00000186                enc28j60ReadBuffer
                0x000001da                enc28j60SetBank
                0x0000032a                enc28j60PhyRead
                0x00000626                enc28j60ReceiveOverflowRecover
                0x000006c6                enc28j60Init
                0x00000170                enc28j60WriteOp
                0x00000222                enc28j60Read
                0x000001b0                enc28j60WriteBuffer
                0x00000380                enc28j60PhyWrite
                0x00000620                nicPoll
                0x000004de                enc28j60PacketReceive
                0x00000432                enc28j60PacketSendMulti
                0x000004d8                nicSendMulti
                0x00000818                nicInit
                0x0000036c                nicIsLinked
                0x000006c0                nicRegDump
                0x0000014a                enc28j60ReadOp
                0x000002b8                nicSetMacAddress
                0x00000628                enc28j60RegDump
                0x0000029c                enc28j60Write
                0x000003b2                enc28j60PacketSend
                0x0000042c                nicSend
 .text          0x00000824      0x256 emain.o
                0x00000884                boot_addr
                0x000009a8                poll_serial
                0x000008f6                main
                0x000008a2                nic_intialize
                0x00000824                bytecopy
                0x00000856                setup_hw
 .text          0x00000a7a      0x4f4 conio.o
                0x00000c36                d2s
                0x00000eaa                printMAC
                0x00000b4c                s2ip
                0x00000dec                printIP
                0x00000e90                printByte
                0x00000ac2                s2X
                0x00000d32                X2s
                0x00000f4e                printShort
                0x00000d8c                Get_Byte
                0x00000c6a                s2p
                0x00000a7a                b2X
                0x00000f04                printDWord
                0x00000e76                printWord
                0x00000ca8                _2d
 .text          0x00000f6e      0x1ce console.o
                0x000010aa                CONSOLE_getch
                0x000010a4                CONSOLE_putch
                0x0000109e                CONSOLE_init
                0x00001070                putch
                0x0000102a                getch
                0x00001028                wait
                0x00000ff2                UART0_Init
                0x000010fc                CONSOLE_cputs
                0x000010ee                CONSOLE_pushch
                0x0000111e                CONSOLE_puts
                0x00000f6e                __vector_18
                0x000010c8                CONSOLE_kbhit
                0x00000fd4                __vector_20
 .text          0x0000113c      0x11e time.o
                0x000011be                TIMER_Init
                0x000011cc                TIMER_Get_Tick
                0x000011de                delay_us
                0x00001228                timer_timeout
                0x000011e0                timer_set
                0x00001202                TIMER_Wait_Tick
                0x000011b0                timer_expire
                0x000011d6                TIMER_Get_Second
                0x0000113c                __vector_16
 .text          0x0000125a      0x136 globals.o
                0x0000125a                global_init
 .text          0x00001390      0x344 arp.o
                0x000014fe                arpSetAddress
                0x000015f4                arpHandler
                0x0000141e                arpAdd
                0x000013ac                arpProcess
                0x000013ca                arpMatchIp
                0x00001390                arpInit
                0x00001532                arpRequest
 .text          0x000016d4      0x37a udpcmd.o
                0x00001990                udp_socket_rx
                0x000016d4                udpcmd
 .text          0x00001a4e      0x4e6 mip.o
                0x00001f1a                ipConfig
                0x00001a98                Checksum
                0x00001b0e                ICMP_Echo_Terminate
                0x00001d5a                ICMP_Send_Ping
                0x00001d00                icmp_upcall
                0x00001e38                ip_upcall
                0x00001b04                ICMP_Echo_Callback
                0x00001b18                ip_send
                0x00001a4e                Checksum_16
 .text          0x00001f34       0xf4 autobaud.o
                0x00001f44                autobaud_rate
                0x00001f34                autobaud_start
                0x00001f6c                autobaud_value
                0x00001fd6                __vector_8
                0x00001f80                autobaud_setup
                0x00001faa                __vector_14
 .text          0x00002028      0x9b0 ircmd.o
                0x000020fa                EscapeTime
                0x0000227a                TCPSend
                0x000027e4                irCommands
                0x00002188                EscapeSequence
                0x0000270e                irCommand
                0x00002134                EscapeAction
                0x00002172                EscapeReset
                0x00002242                tcp_socket_rx
                0x000020a0                Check_Reset_EEPROM
                0x00002042                TCPState
                0x00002028                SocketSelect
                0x0000299a                icmp_echo_rx
                0x00002302                Get_IP
                0x000021e8                WriteTCPChar
                0x00002334                irCommandProcessor
 .text          0x000029d8      0xdb4 mtcp.o
                0x000035b6                tcp_status
                0x00002efe                tcp_upcall
                0x000035ec                tcp_close
                0x00002a40                tcp_sendit
                0x00003580                tcp_sport
                0x000029f2                tcp_listen
                0x00002e3a                tcp_send
                0x000036aa                tcp_open
                0x000029d8                tcp_init
                0x00002a10                tcp_clean_socket
                0x00002e88                tcp_process
 .text          0x0000378c      0x33a mudp.o
                0x00003820                udp_upcall
                0x00003806                udp_close
                0x000037e6                udp_port
                0x0000390c                udp_tx
                0x0000379e                udp_bind
                0x0000378c                udp_init
 .text          0x00003ac6      0x420 resolve.o
                0x00003ac6                gobble_name
                0x00003b00                resolve_callback
                0x00003bb8                resolve_name
 .text          0x00003ee6       0xba memory.o
                0x00003f4c                MEM_init
                0x00003f0c                MEM_FreeBlock
                0x00003ee6                MEM_GetBlock
 .text          0x00003fa0       0xcc msg.o
                0x00003fa0                displayMessage
 .text          0x0000406c      0x3ae sreg.o
                0x0000406c                sRegister
 .text          0x0000441a      0x4b8 dhcp.o
                0x000046ea                dhcp_callback
                0x000044ae                dhcp_init
                0x0000441a                dhcpGetOption
                0x0000447c                dhcpSetOption
                0x00004650                dhcp_process
 .text          0x000048d2        0x0 c:/winavr-20070525/bin/../lib/gcc/avr/4.1.2/avr5\libgcc.a(_udivmodhi4.o)
 .text          0x000048d2        0x0 c:/winavr-20070525/bin/../lib/gcc/avr/4.1.2/avr5\libgcc.a(_exit.o)
 .text          0x000048d2        0x0 c:/winavr-20070525/bin/../lib/gcc/avr/4.1.2/avr5\libgcc.a(_copy_data.o)
 .text          0x000048d2        0x0 c:/winavr-20070525/bin/../lib/gcc/avr/4.1.2/avr5\libgcc.a(_clear_bss.o)
 .text          0x000048d2        0x0 c:/winavr-20070525/bin/../lib/gcc/avr/4.1.2/../../../../avr/lib/avr5\libc.a(isalnum.o)
 .text          0x000048d2        0x0 c:/winavr-20070525/bin/../lib/gcc/avr/4.1.2/../../../../avr/lib/avr5\libc.a(cty_isfalse.o)
 .text          0x000048d2        0x0 c:/winavr-20070525/bin/../lib/gcc/avr/4.1.2/../../../../avr/lib/avr5\libc.a(isalpha.o)
 .text          0x000048d2        0x0 c:/winavr-20070525/bin/../lib/gcc/avr/4.1.2/../../../../avr/lib/avr5\libc.a(isdigit.o)
 .text          0x000048d2        0x0 c:/winavr-20070525/bin/../lib/gcc/avr/4.1.2/../../../../avr/lib/avr5\libc.a(toupper.o)
 .text          0x000048d2       0x1a c:/winavr-20070525/bin/../lib/gcc/avr/4.1.2/../../../../avr/lib/avr5\libc.a(memcmp.o)
                0x000048d2                memcmp
 .text          0x000048ec       0x12 c:/winavr-20070525/bin/../lib/gcc/avr/4.1.2/../../../../avr/lib/avr5\libc.a(strcmp.o)
                0x000048ec                strcmp
 .text          0x000048fe        0x0 c:/winavr-20070525/bin/../lib/gcc/avr/4.1.2/../../../../avr/lib/avr5\libc.a(ee_rb.1C1D1E.o)
 .text          0x000048fe        0x0 c:/winavr-20070525/bin/../lib/gcc/avr/4.1.2/../../../../avr/lib/avr5\libc.a(ee_wb.1C1D1E.o)
                0x000048fe                . = ALIGN (0x2)
 *(.text.*)
 .text.libgcc   0x000048fe       0x28 c:/winavr-20070525/bin/../lib/gcc/avr/4.1.2/avr5\libgcc.a(_udivmodhi4.o)
                0x000048fe                __udivmodhi4
 .text.libgcc   0x00004926        0x0 c:/winavr-20070525/bin/../lib/gcc/avr/4.1.2/avr5\libgcc.a(_exit.o)
 .text.libgcc   0x00004926        0x0 c:/winavr-20070525/bin/../lib/gcc/avr/4.1.2/avr5\libgcc.a(_copy_data.o)
 .text.libgcc   0x00004926        0x0 c:/winavr-20070525/bin/../lib/gcc/avr/4.1.2/avr5\libgcc.a(_clear_bss.o)
 .text.ctype    0x00004926       0x12 c:/winavr-20070525/bin/../lib/gcc/avr/4.1.2/../../../../avr/lib/avr5\libc.a(isalnum.o)
                0x00004926                isalnum
 .text.ctype    0x00004938        0x6 c:/winavr-20070525/bin/../lib/gcc/avr/4.1.2/../../../../avr/lib/avr5\libc.a(cty_isfalse.o)
                0x0000493c                __ctype_istrue
                0x00004938                __ctype_isfalse
 .text.ctype    0x0000493e       0x14 c:/winavr-20070525/bin/../lib/gcc/avr/4.1.2/../../../../avr/lib/avr5\libc.a(isalpha.o)
                0x00004944                islower
                0x0000493e                isupper
                0x00004942                isalpha
 .text.ctype    0x00004952        0xc c:/winavr-20070525/bin/../lib/gcc/avr/4.1.2/../../../../avr/lib/avr5\libc.a(isdigit.o)
                0x00004952                isdigit
 .text.ctype    0x0000495e        0xc c:/winavr-20070525/bin/../lib/gcc/avr/4.1.2/../../../../avr/lib/avr5\libc.a(toupper.o)
                0x0000495e                toupper
 .text.eeprom   0x0000496a       0x10 c:/winavr-20070525/bin/../lib/gcc/avr/4.1.2/../../../../avr/lib/avr5\libc.a(ee_rb.1C1D1E.o)
                0x0000496a                __eeprom_read_byte_1C1D1E
 .text.eeprom   0x0000497a       0x18 c:/winavr-20070525/bin/../lib/gcc/avr/4.1.2/../../../../avr/lib/avr5\libc.a(ee_wb.1C1D1E.o)
                0x0000497a                __eeprom_write_byte_1C1D1E
                0x00004992                . = ALIGN (0x2)
 *(.fini9)
 .fini9         0x00004992        0x0 c:/winavr-20070525/bin/../lib/gcc/avr/4.1.2/avr5\libgcc.a(_exit.o)
                0x00004992                exit
                0x00004992                _exit
 *(.fini9)
 *(.fini8)
 *(.fini8)
 *(.fini7)
 *(.fini7)
 *(.fini6)
 *(.fini6)
 *(.fini5)
 *(.fini5)
 *(.fini4)
 *(.fini4)
 *(.fini3)
 *(.fini3)
 *(.fini2)
 *(.fini2)
 *(.fini1)
 *(.fini1)
 *(.fini0)
 .fini0         0x00004992        0x2 c:/winavr-20070525/bin/../lib/gcc/avr/4.1.2/avr5\libgcc.a(_exit.o)
 *(.fini0)
                0x00004994                _etext = .

.data           0x00800100      0x1aa load address 0x00004994
                0x00800100                PROVIDE (__data_start, .)
 *(.data)
 .data          0x00800100        0x0 c:/winavr-20070525/bin/../lib/gcc/avr/4.1.2/../../../../avr/lib/avr5/crtm64.o
 .data          0x00800100       0x45 enc28j60.o
 .data          0x00800145       0xd7 emain.o
                0x00800214                boot_version
                0x0080021a                absolute
                0x00800218                bootloader
                0x00800216                crc_boot
 .data          0x0080021c        0x0 conio.o
 .data          0x0080021c        0x0 console.o
 .data          0x0080021c        0x0 time.o
 .data          0x0080021c        0x0 globals.o
 .data          0x0080021c        0x0 arp.o
 .data          0x0080021c        0x3 udpcmd.o
 .data          0x0080021f        0x0 mip.o
 .data          0x0080021f        0x0 autobaud.o
 .data          0x0080021f       0x21 ircmd.o
 .data          0x00800240       0x67 mtcp.o
 .data          0x008002a7        0x0 mudp.o
 .data          0x008002a7        0x0 resolve.o
 .data          0x008002a7        0x0 memory.o
 .data          0x008002a7        0x3 msg.o
 .data          0x008002aa        0x0 sreg.o
 .data          0x008002aa        0x0 dhcp.o
 .data          0x008002aa        0x0 c:/winavr-20070525/bin/../lib/gcc/avr/4.1.2/avr5\libgcc.a(_udivmodhi4.o)
 .data          0x008002aa        0x0 c:/winavr-20070525/bin/../lib/gcc/avr/4.1.2/avr5\libgcc.a(_exit.o)
 .data          0x008002aa        0x0 c:/winavr-20070525/bin/../lib/gcc/avr/4.1.2/avr5\libgcc.a(_copy_data.o)
 .data          0x008002aa        0x0 c:/winavr-20070525/bin/../lib/gcc/avr/4.1.2/avr5\libgcc.a(_clear_bss.o)
 .data          0x008002aa        0x0 c:/winavr-20070525/bin/../lib/gcc/avr/4.1.2/../../../../avr/lib/avr5\libc.a(isalnum.o)
 .data          0x008002aa        0x0 c:/winavr-20070525/bin/../lib/gcc/avr/4.1.2/../../../../avr/lib/avr5\libc.a(cty_isfalse.o)
 .data          0x008002aa        0x0 c:/winavr-20070525/bin/../lib/gcc/avr/4.1.2/../../../../avr/lib/avr5\libc.a(isalpha.o)
 .data          0x008002aa        0x0 c:/winavr-20070525/bin/../lib/gcc/avr/4.1.2/../../../../avr/lib/avr5\libc.a(isdigit.o)
 .data          0x008002aa        0x0 c:/winavr-20070525/bin/../lib/gcc/avr/4.1.2/../../../../avr/lib/avr5\libc.a(toupper.o)
 .data          0x008002aa        0x0 c:/winavr-20070525/bin/../lib/gcc/avr/4.1.2/../../../../avr/lib/avr5\libc.a(memcmp.o)
 .data          0x008002aa        0x0 c:/winavr-20070525/bin/../lib/gcc/avr/4.1.2/../../../../avr/lib/avr5\libc.a(strcmp.o)
 .data          0x008002aa        0x0 c:/winavr-20070525/bin/../lib/gcc/avr/4.1.2/../../../../avr/lib/avr5\libc.a(ee_rb.1C1D1E.o)
 .data          0x008002aa        0x0 c:/winavr-20070525/bin/../lib/gcc/avr/4.1.2/../../../../avr/lib/avr5\libc.a(ee_wb.1C1D1E.o)
 *(.data*)
 *(.rodata)
 *(.rodata*)
 *(.gnu.linkonce.d*)
                0x008002aa                . = ALIGN (0x2)
                0x008002aa                _edata = .
                0x008002aa                PROVIDE (__data_end, .)

.bss            0x008002aa      0x880
                0x008002aa                PROVIDE (__bss_start, .)
 *(.bss)
 .bss           0x008002aa        0x0 c:/winavr-20070525/bin/../lib/gcc/avr/4.1.2/../../../../avr/lib/avr5/crtm64.o
 .bss           0x008002aa        0x0 enc28j60.o
 .bss           0x008002aa        0x1 emain.o
                0x008002aa                poll_semi
 .bss           0x008002ab        0x0 conio.o
 .bss           0x008002ab        0x2 console.o
 .bss           0x008002ad        0x2 time.o
 .bss           0x008002af        0x0 globals.o
 .bss           0x008002af        0x0 arp.o
 .bss           0x008002af        0x0 udpcmd.o
 .bss           0x008002af        0x0 mip.o
 .bss           0x008002af        0x3 autobaud.o
 .bss           0x008002b2        0xa ircmd.o
 .bss           0x008002bc        0x0 mtcp.o
 .bss           0x008002bc        0x0 mudp.o
 .bss           0x008002bc       0x25 resolve.o
 .bss           0x008002e1        0x1 memory.o
 .bss           0x008002e2        0x0 msg.o
 .bss           0x008002e2        0x0 sreg.o
 .bss           0x008002e2        0x0 dhcp.o
 .bss           0x008002e2        0x0 c:/winavr-20070525/bin/../lib/gcc/avr/4.1.2/avr5\libgcc.a(_udivmodhi4.o)
 .bss           0x008002e2        0x0 c:/winavr-20070525/bin/../lib/gcc/avr/4.1.2/avr5\libgcc.a(_exit.o)
 .bss           0x008002e2        0x0 c:/winavr-20070525/bin/../lib/gcc/avr/4.1.2/avr5\libgcc.a(_copy_data.o)
 .bss           0x008002e2        0x0 c:/winavr-20070525/bin/../lib/gcc/avr/4.1.2/avr5\libgcc.a(_clear_bss.o)
 .bss           0x008002e2        0x0 c:/winavr-20070525/bin/../lib/gcc/avr/4.1.2/../../../../avr/lib/avr5\libc.a(isalnum.o)
 .bss           0x008002e2        0x0 c:/winavr-20070525/bin/../lib/gcc/avr/4.1.2/../../../../avr/lib/avr5\libc.a(cty_isfalse.o)
 .bss           0x008002e2        0x0 c:/winavr-20070525/bin/../lib/gcc/avr/4.1.2/../../../../avr/lib/avr5\libc.a(isalpha.o)
 .bss           0x008002e2        0x0 c:/winavr-20070525/bin/../lib/gcc/avr/4.1.2/../../../../avr/lib/avr5\libc.a(isdigit.o)
 .bss           0x008002e2        0x0 c:/winavr-20070525/bin/../lib/gcc/avr/4.1.2/../../../../avr/lib/avr5\libc.a(toupper.o)
 .bss           0x008002e2        0x0 c:/winavr-20070525/bin/../lib/gcc/avr/4.1.2/../../../../avr/lib/avr5\libc.a(memcmp.o)
 .bss           0x008002e2        0x0 c:/winavr-20070525/bin/../lib/gcc/avr/4.1.2/../../../../avr/lib/avr5\libc.a(strcmp.o)
 .bss           0x008002e2        0x0 c:/winavr-20070525/bin/../lib/gcc/avr/4.1.2/../../../../avr/lib/avr5\libc.a(ee_rb.1C1D1E.o)
 .bss           0x008002e2        0x0 c:/winavr-20070525/bin/../lib/gcc/avr/4.1.2/../../../../avr/lib/avr5\libc.a(ee_wb.1C1D1E.o)
 *(.bss*)
 *(COMMON)
 COMMON         0x008002e2        0x3 enc28j60.o
                0x008002e2                NextPacketPtr
                0x008002e4                Enc28j60Bank
 COMMON         0x008002e5       0x42 emain.o
                0x008002e5                smbuff1
                0x008002fe                smbuff2
                0x00800317                smbuff
 COMMON         0x00800327       0x49 console.o
                0x00800327                UART0_RxHead
                0x00800328                UART0_RxBuffer
                0x0080036d                UART0_RxSize
                0x0080036e                UART0_Ready
                0x0080036f                UART0_RxTail
 COMMON         0x00800370        0x5 time.o
                0x00800370                TIMER_Second
                0x00800371                TIMER_Tick
                0x00800373                TIMER_wdt
                0x00800374                TIMER_Counter
 COMMON         0x00800375      0x2ea globals.o
                0x00800375                mm
                0x0080039f                rx_pkt
 COMMON         0x0080065f       0x6c arp.o
                0x0080065f                ArpCache
                0x008006bf                MyAddr
 COMMON         0x008006cb        0xb udpcmd.o
                0x008006cb                udp_len
                0x008006cd                udp_active
                0x008006ce                udp_ip
                0x008006d2                udp_sp
                0x008006d4                udp_ptr
 COMMON         0x008006d6       0x10 mip.o
                0x008006d6                ICMP_Callback
                0x008006d8                myip
                0x008006dc                netmask
                0x008006e0                ipid
                0x008006e2                arppendtime
                0x008006e4                arppend
 COMMON         0x008006e6       0xcf ircmd.o
                0x008006e6                elink
                0x008006e7                tmpflag
                0x008006e8                TCPSendTime
                0x008006ea                ircmd_state
                0x008006eb                snd_count
                0x008006ed                soc_num
                0x008006ee                sockets
                0x008006f1                dtrflag
                0x008006f2                active_soc
                0x008006f3                snd_buff
                0x00800773                ircmd_buf
 COMMON         0x008007b5       0x38 mtcp.o
                0x008007b5                tcp_socket
 COMMON         0x008007ed        0x8 mudp.o
                0x008007ed                udp_socket
 COMMON         0x008007f5        0x4 resolve.o
                0x008007f5                foundip
 COMMON         0x008007f9      0x322 memory.o
                0x008007f9                memory
                0x00800b19                free_list
 COMMON         0x00800b1b        0xf dhcp.o
                0x00800b1b                DhcpTransactID
                0x00800b1f                dhcpflags
                0x00800b20                dhcp_timer
                0x00800b22                DhcpLeaseTime
                0x00800b26                DhcpServerIP
                0x00800b2a                PROVIDE (__bss_end, .)
                0x00004994                __data_load_start = LOADADDR (.data)
                0x00004b3e                __data_load_end = (__data_load_start + SIZEOF (.data))

.noinit         0x00800b2a        0x0
                0x00800b2a                PROVIDE (__noinit_start, .)
 *(.noinit*)
                0x00800b2a                PROVIDE (__noinit_end, .)
                0x00800b2a                _end = .
                0x00800b2a                PROVIDE (__heap_start, .)

.eeprom         0x00810000        0x0
 *(.eeprom*)
                0x00810000                __eeprom_end = .

.stab           0x00000000      0x378
 *(.stab)
 .stab          0x00000000      0x378 c:/winavr-20070525/bin/../lib/gcc/avr/4.1.2/../../../../avr/lib/avr5/crtm64.o

.stabstr        0x00000000       0x71
 *(.stabstr)
 .stabstr       0x00000000       0x71 c:/winavr-20070525/bin/../lib/gcc/avr/4.1.2/../../../../avr/lib/avr5/crtm64.o

.stab.excl
 *(.stab.excl)

.stab.exclstr
 *(.stab.exclstr)

.stab.index
 *(.stab.index)

.stab.indexstr
 *(.stab.indexstr)

.comment
 *(.comment)

.debug
 *(.debug)

.line
 *(.line)

.debug_srcinfo
 *(.debug_srcinfo)

.debug_sfnames
 *(.debug_sfnames)

.debug_aranges  0x00000000      0x240
 *(.debug_aranges)
 .debug_aranges
                0x00000000       0x20 enc28j60.o
 .debug_aranges
                0x00000020       0x20 emain.o
 .debug_aranges
                0x00000040       0x20 conio.o
 .debug_aranges
                0x00000060       0x20 console.o
 .debug_aranges
                0x00000080       0x20 time.o
 .debug_aranges
                0x000000a0       0x20 globals.o
 .debug_aranges
                0x000000c0       0x20 arp.o
 .debug_aranges
                0x000000e0       0x20 udpcmd.o
 .debug_aranges
                0x00000100       0x20 mip.o
 .debug_aranges
                0x00000120       0x20 autobaud.o
 .debug_aranges
                0x00000140       0x20 ircmd.o
 .debug_aranges
                0x00000160       0x20 mtcp.o
 .debug_aranges
                0x00000180       0x20 mudp.o
 .debug_aranges
                0x000001a0       0x20 resolve.o
 .debug_aranges
                0x000001c0       0x20 memory.o
 .debug_aranges
                0x000001e0       0x20 msg.o
 .debug_aranges
                0x00000200       0x20 sreg.o
 .debug_aranges
                0x00000220       0x20 dhcp.o

.debug_pubnames
                0x00000000      0xe74
 *(.debug_pubnames)
 .debug_pubnames
                0x00000000      0x22b enc28j60.o
 .debug_pubnames
                0x0000022b       0xd0 emain.o
 .debug_pubnames
                0x000002fb       0xd8 conio.o
 .debug_pubnames
                0x000003d3      0x15e console.o
 .debug_pubnames
                0x00000531      0x118 time.o
 .debug_pubnames
                0x00000649       0x61 globals.o
 .debug_pubnames
                0x000006aa       0x8f arp.o
 .debug_pubnames
                0x00000739       0x99 udpcmd.o
 .debug_pubnames
                0x000007d2       0xf4 mip.o
 .debug_pubnames
                0x000008c6       0xa9 autobaud.o
 .debug_pubnames
                0x0000096f      0x1c8 ircmd.o
 .debug_pubnames
                0x00000b37       0xc5 mtcp.o
 .debug_pubnames
                0x00000bfc       0x70 mudp.o
 .debug_pubnames
                0x00000c6c       0x54 resolve.o
 .debug_pubnames
                0x00000cc0       0x5b memory.o
 .debug_pubnames
                0x00000d1b       0x52 msg.o
 .debug_pubnames
                0x00000d6d       0x4d sreg.o
 .debug_pubnames
                0x00000dba       0xba dhcp.o

.debug_info     0x00000000     0x6dbf
 *(.debug_info)
 .debug_info    0x00000000      0x636 enc28j60.o
 .debug_info    0x00000636      0x5e0 emain.o
 .debug_info    0x00000c16      0x582 conio.o
 .debug_info    0x00001198      0x621 console.o
 .debug_info    0x000017b9      0x523 time.o
 .debug_info    0x00001cdc      0x55c globals.o
 .debug_info    0x00002238      0x414 arp.o
 .debug_info    0x0000264c      0x659 udpcmd.o
 .debug_info    0x00002ca5      0x824 mip.o
 .debug_info    0x000034c9      0x2b9 autobaud.o
 .debug_info    0x00003782      0xad4 ircmd.o
 .debug_info    0x00004256      0xaaa mtcp.o
 .debug_info    0x00004d00      0x6c1 mudp.o
 .debug_info    0x000053c1      0x60e resolve.o
 .debug_info    0x000059cf      0x1b9 memory.o
 .debug_info    0x00005b88      0x582 msg.o
 .debug_info    0x0000610a      0x544 sreg.o
 .debug_info    0x0000664e      0x771 dhcp.o
 *(.gnu.linkonce.wi.*)

.debug_abbrev   0x00000000     0x1eed
 *(.debug_abbrev)
 .debug_abbrev  0x00000000      0x1b0 enc28j60.o
 .debug_abbrev  0x000001b0      0x1fe emain.o
 .debug_abbrev  0x000003ae      0x1c3 conio.o
 .debug_abbrev  0x00000571      0x212 console.o
 .debug_abbrev  0x00000783      0x1c9 time.o
 .debug_abbrev  0x0000094c      0x1b3 globals.o
 .debug_abbrev  0x00000aff      0x132 arp.o
 .debug_abbrev  0x00000c31      0x177 udpcmd.o
 .debug_abbrev  0x00000da8      0x22e mip.o
 .debug_abbrev  0x00000fd6      0x11f autobaud.o
 .debug_abbrev  0x000010f5      0x2ee ircmd.o
 .debug_abbrev  0x000013e3      0x21d mtcp.o
 .debug_abbrev  0x00001600      0x1a5 mudp.o
 .debug_abbrev  0x000017a5      0x184 resolve.o
 .debug_abbrev  0x00001929      0x107 memory.o
 .debug_abbrev  0x00001a30      0x13d msg.o
 .debug_abbrev  0x00001b6d      0x19d sreg.o
 .debug_abbrev  0x00001d0a      0x1e3 dhcp.o

.debug_line     0x00000000     0x4a58
 *(.debug_line)
 .debug_line    0x00000000      0x7f5 enc28j60.o
 .debug_line    0x000007f5      0x40b emain.o
 .debug_line    0x00000c00      0x4fe conio.o
 .debug_line    0x000010fe      0x36b console.o
 .debug_line    0x00001469      0x2b6 time.o
 .debug_line    0x0000171f      0x2c8 globals.o
 .debug_line    0x000019e7      0x25d arp.o
 .debug_line    0x00001c44      0x39e udpcmd.o
 .debug_line    0x00001fe2      0x3f1 mip.o
 .debug_line    0x000023d3      0x2b4 autobaud.o
 .debug_line    0x00002687      0x9ee ircmd.o
 .debug_line    0x00003075      0x809 mtcp.o
 .debug_line    0x0000387e      0x296 mudp.o
 .debug_line    0x00003b14      0x3a7 resolve.o
 .debug_line    0x00003ebb      0x12f memory.o
 .debug_line    0x00003fea      0x20f msg.o
 .debug_line    0x000041f9      0x4af sreg.o
 .debug_line    0x000046a8      0x3b0 dhcp.o

.debug_frame    0x00000000      0x990
 *(.debug_frame)
 .debug_frame   0x00000000      0x180 enc28j60.o
 .debug_frame   0x00000180       0x70 emain.o
 .debug_frame   0x000001f0       0xf0 conio.o
 .debug_frame   0x000002e0       0xe0 console.o
 .debug_frame   0x000003c0       0xa0 time.o
 .debug_frame   0x00000460       0x20 globals.o
 .debug_frame   0x00000480       0x80 arp.o
 .debug_frame   0x00000500       0x30 udpcmd.o
 .debug_frame   0x00000530       0xa0 mip.o
 .debug_frame   0x000005d0       0x70 autobaud.o
 .debug_frame   0x00000640      0x100 ircmd.o
 .debug_frame   0x00000740       0xc0 mtcp.o
 .debug_frame   0x00000800       0x70 mudp.o
 .debug_frame   0x00000870       0x40 resolve.o
 .debug_frame   0x000008b0       0x40 memory.o
 .debug_frame   0x000008f0       0x20 msg.o
 .debug_frame   0x00000910       0x20 sreg.o
 .debug_frame   0x00000930       0x60 dhcp.o

.debug_str      0x00000000     0x101d
 *(.debug_str)
 .debug_str     0x00000000      0x295 enc28j60.o
                                0x2f5 (size before relaxing)
 .debug_str     0x00000295      0x209 emain.o
                                0x35f (size before relaxing)
 .debug_str     0x0000049e       0x6a conio.o
                                0x1f0 (size before relaxing)
 .debug_str     0x00000508       0xf9 console.o
                                0x3a9 (size before relaxing)
 .debug_str     0x00000601       0xd9 time.o
                                0x36c (size before relaxing)
 .debug_str     0x000006da       0x39 globals.o
                                0x2f3 (size before relaxing)
 .debug_str     0x00000713       0xf8 arp.o
                                0x1fd (size before relaxing)
 .debug_str     0x0000080b       0xb5 udpcmd.o
                                0x38d (size before relaxing)
 .debug_str     0x000008c0       0xdc mip.o
                                0x3a5 (size before relaxing)
 .debug_str     0x0000099c       0x76 autobaud.o
                                0x1bd (size before relaxing)
 .debug_str     0x00000a12      0x174 ircmd.o
                                0x4ea (size before relaxing)
 .debug_str     0x00000b86      0x14e mtcp.o
                                0x41b (size before relaxing)
 .debug_str     0x00000cd4       0x66 mudp.o
                                0x334 (size before relaxing)
 .debug_str     0x00000d3a       0x85 resolve.o
                                0x32f (size before relaxing)
 .debug_str     0x00000dbf       0x49 memory.o
                                0x115 (size before relaxing)
 .debug_str     0x00000e08       0xa8 msg.o
                                0x342 (size before relaxing)
 .debug_str     0x00000eb0       0x11 sreg.o
                                0x31e (size before relaxing)
 .debug_str     0x00000ec1      0x15c dhcp.o
                                0x3f8 (size before relaxing)

.debug_loc      0x00000000     0x2e24
 *(.debug_loc)
 .debug_loc     0x00000000      0x4fa enc28j60.o
 .debug_loc     0x000004fa       0x88 emain.o
 .debug_loc     0x00000582      0x500 conio.o
 .debug_loc     0x00000a82      0x11d console.o
 .debug_loc     0x00000b9f       0x28 time.o
 .debug_loc     0x00000bc7      0x176 globals.o
 .debug_loc     0x00000d3d      0x1b2 arp.o
 .debug_loc     0x00000eef      0x1e0 udpcmd.o
 .debug_loc     0x000010cf      0x407 mip.o
 .debug_loc     0x000014d6      0x4bf ircmd.o
 .debug_loc     0x00001995      0x5d2 mtcp.o
 .debug_loc     0x00001f67      0x1f4 mudp.o
 .debug_loc     0x0000215b      0x53f resolve.o
 .debug_loc     0x0000269a       0x28 memory.o
 .debug_loc     0x000026c2       0xad msg.o
 .debug_loc     0x0000276f      0x43d sreg.o
 .debug_loc     0x00002bac      0x278 dhcp.o

.debug_macinfo
 *(.debug_macinfo)
OUTPUT(eth.elf elf32-avr)
LOAD linker stubs

Cross Reference Table

Symbol                                            File
ArpCache                                          arp.o
CONSOLE_cputs                                     console.o
                                                  msg.o
CONSOLE_getch                                     console.o
                                                  ircmd.o
                                                  udpcmd.o
CONSOLE_init                                      console.o
                                                  emain.o
CONSOLE_kbhit                                     console.o
                                                  ircmd.o
                                                  udpcmd.o
CONSOLE_pushch                                    console.o
                                                  ircmd.o
CONSOLE_putch                                     console.o
                                                  sreg.o
                                                  ircmd.o
                                                  udpcmd.o
                                                  conio.o
CONSOLE_puts                                      console.o
                                                  msg.o
                                                  mtcp.o
                                                  ircmd.o
                                                  udpcmd.o
                                                  conio.o
                                                  emain.o
                                                  enc28j60.o
Check_Reset_EEPROM                                ircmd.o
Checksum                                          mip.o
Checksum_16                                       mip.o
                                                  mudp.o
                                                  mtcp.o
DhcpLeaseTime                                     dhcp.o
                                                  sreg.o
                                                  ircmd.o
DhcpServerIP                                      dhcp.o
DhcpTransactID                                    dhcp.o
Enc28j60Bank                                      enc28j60.o
EscapeAction                                      ircmd.o
EscapeReset                                       ircmd.o
EscapeSequence                                    ircmd.o
EscapeTime                                        ircmd.o
Get_Byte                                          conio.o
                                                  sreg.o
                                                  ircmd.o
Get_IP                                            ircmd.o
                                                  udpcmd.o
ICMP_Callback                                     mip.o
ICMP_Echo_Callback                                mip.o
                                                  ircmd.o
ICMP_Echo_Terminate                               mip.o
                                                  ircmd.o
ICMP_Send_Ping                                    mip.o
                                                  ircmd.o
MEM_FreeBlock                                     memory.o
                                                  resolve.o
                                                  mudp.o
                                                  mtcp.o
                                                  mip.o
                                                  udpcmd.o
MEM_GetBlock                                      memory.o
                                                  resolve.o
                                                  mudp.o
                                                  mtcp.o
                                                  mip.o
                                                  udpcmd.o
MEM_init                                          memory.o
                                                  emain.o
MyAddr                                            arp.o
NextPacketPtr                                     enc28j60.o
SocketSelect                                      ircmd.o
TCPSend                                           ircmd.o
TCPSendTime                                       ircmd.o
                                                  udpcmd.o
TCPState                                          ircmd.o
TIMER_Counter                                     time.o
TIMER_Get_Second                                  time.o
                                                  dhcp.o
                                                  resolve.o
                                                  mtcp.o
                                                  ircmd.o
TIMER_Get_Tick                                    time.o
                                                  mtcp.o
                                                  ircmd.o
                                                  udpcmd.o
TIMER_Init                                        time.o
                                                  emain.o
TIMER_Second                                      time.o
TIMER_Tick                                        time.o
TIMER_Wait_Tick                                   time.o
                                                  ircmd.o
                                                  mip.o
                                                  emain.o
TIMER_wdt                                         time.o
UART0_Init                                        console.o
UART0_Ready                                       console.o
UART0_RxBuffer                                    console.o
UART0_RxHead                                      console.o
UART0_RxSize                                      console.o
UART0_RxTail                                      console.o
WriteTCPChar                                      ircmd.o
X2s                                               conio.o
_2d                                               conio.o
                                                  msg.o
__bad_interrupt                                   c:/winavr-20070525/bin/../lib/gcc/avr/4.1.2/../../../../avr/lib/avr5/crtm64.o
__bss_end                                         c:/winavr-20070525/bin/../lib/gcc/avr/4.1.2/avr5\libgcc.a(_clear_bss.o)
__bss_start                                       c:/winavr-20070525/bin/../lib/gcc/avr/4.1.2/avr5\libgcc.a(_clear_bss.o)
__ctype_isfalse                                   c:/winavr-20070525/bin/../lib/gcc/avr/4.1.2/../../../../avr/lib/avr5\libc.a(cty_isfalse.o)
                                                  c:/winavr-20070525/bin/../lib/gcc/avr/4.1.2/../../../../avr/lib/avr5\libc.a(isdigit.o)
                                                  c:/winavr-20070525/bin/../lib/gcc/avr/4.1.2/../../../../avr/lib/avr5\libc.a(isalpha.o)
                                                  c:/winavr-20070525/bin/../lib/gcc/avr/4.1.2/../../../../avr/lib/avr5\libc.a(isalnum.o)
__ctype_istrue                                    c:/winavr-20070525/bin/../lib/gcc/avr/4.1.2/../../../../avr/lib/avr5\libc.a(cty_isfalse.o)
__data_end                                        c:/winavr-20070525/bin/../lib/gcc/avr/4.1.2/avr5\libgcc.a(_copy_data.o)
__data_load_start                                 c:/winavr-20070525/bin/../lib/gcc/avr/4.1.2/avr5\libgcc.a(_copy_data.o)
__data_start                                      c:/winavr-20070525/bin/../lib/gcc/avr/4.1.2/avr5\libgcc.a(_copy_data.o)
__do_clear_bss                                    c:/winavr-20070525/bin/../lib/gcc/avr/4.1.2/avr5\libgcc.a(_clear_bss.o)
                                                  dhcp.o
                                                  sreg.o
                                                  msg.o
                                                  memory.o
                                                  resolve.o
                                                  mudp.o
                                                  mtcp.o
                                                  ircmd.o
                                                  autobaud.o
                                                  mip.o
                                                  udpcmd.o
                                                  arp.o
                                                  globals.o
                                                  time.o
                                                  console.o
                                                  conio.o
                                                  emain.o
                                                  enc28j60.o
__do_copy_data                                    c:/winavr-20070525/bin/../lib/gcc/avr/4.1.2/avr5\libgcc.a(_copy_data.o)
                                                  dhcp.o
                                                  sreg.o
                                                  msg.o
                                                  memory.o
                                                  resolve.o
                                                  mudp.o
                                                  mtcp.o
                                                  ircmd.o
                                                  autobaud.o
                                                  mip.o
                                                  udpcmd.o
                                                  arp.o
                                                  globals.o
                                                  time.o
                                                  console.o
                                                  conio.o
                                                  emain.o
                                                  enc28j60.o
__eeprom_read_byte_1C1D1E                         c:/winavr-20070525/bin/../lib/gcc/avr/4.1.2/../../../../avr/lib/avr5\libc.a(ee_rb.1C1D1E.o)
                                                  ircmd.o
                                                  globals.o
__eeprom_write_byte_1C1D1E                        c:/winavr-20070525/bin/../lib/gcc/avr/4.1.2/../../../../avr/lib/avr5\libc.a(ee_wb.1C1D1E.o)
                                                  sreg.o
                                                  ircmd.o
                                                  globals.o
__heap_end                                        c:/winavr-20070525/bin/../lib/gcc/avr/4.1.2/../../../../avr/lib/avr5/crtm64.o
__init                                            c:/winavr-20070525/bin/../lib/gcc/avr/4.1.2/../../../../avr/lib/avr5/crtm64.o
__stack                                           c:/winavr-20070525/bin/../lib/gcc/avr/4.1.2/../../../../avr/lib/avr5/crtm64.o
__udivmodhi4                                      c:/winavr-20070525/bin/../lib/gcc/avr/4.1.2/avr5\libgcc.a(_udivmodhi4.o)
                                                  conio.o
__vector_1                                        c:/winavr-20070525/bin/../lib/gcc/avr/4.1.2/../../../../avr/lib/avr5/crtm64.o
__vector_10                                       c:/winavr-20070525/bin/../lib/gcc/avr/4.1.2/../../../../avr/lib/avr5/crtm64.o
__vector_11                                       c:/winavr-20070525/bin/../lib/gcc/avr/4.1.2/../../../../avr/lib/avr5/crtm64.o
__vector_12                                       c:/winavr-20070525/bin/../lib/gcc/avr/4.1.2/../../../../avr/lib/avr5/crtm64.o
__vector_13                                       c:/winavr-20070525/bin/../lib/gcc/avr/4.1.2/../../../../avr/lib/avr5/crtm64.o
__vector_14                                       autobaud.o
                                                  c:/winavr-20070525/bin/../lib/gcc/avr/4.1.2/../../../../avr/lib/avr5/crtm64.o
__vector_15                                       c:/winavr-20070525/bin/../lib/gcc/avr/4.1.2/../../../../avr/lib/avr5/crtm64.o
__vector_16                                       time.o
                                                  c:/winavr-20070525/bin/../lib/gcc/avr/4.1.2/../../../../avr/lib/avr5/crtm64.o
__vector_17                                       c:/winavr-20070525/bin/../lib/gcc/avr/4.1.2/../../../../avr/lib/avr5/crtm64.o
__vector_18                                       console.o
                                                  c:/winavr-20070525/bin/../lib/gcc/avr/4.1.2/../../../../avr/lib/avr5/crtm64.o
__vector_19                                       c:/winavr-20070525/bin/../lib/gcc/avr/4.1.2/../../../../avr/lib/avr5/crtm64.o
__vector_2                                        c:/winavr-20070525/bin/../lib/gcc/avr/4.1.2/../../../../avr/lib/avr5/crtm64.o
__vector_20                                       console.o
                                                  c:/winavr-20070525/bin/../lib/gcc/avr/4.1.2/../../../../avr/lib/avr5/crtm64.o
__vector_21                                       c:/winavr-20070525/bin/../lib/gcc/avr/4.1.2/../../../../avr/lib/avr5/crtm64.o
__vector_22                                       c:/winavr-20070525/bin/../lib/gcc/avr/4.1.2/../../../../avr/lib/avr5/crtm64.o
__vector_23                                       c:/winavr-20070525/bin/../lib/gcc/avr/4.1.2/../../../../avr/lib/avr5/crtm64.o
__vector_24                                       c:/winavr-20070525/bin/../lib/gcc/avr/4.1.2/../../../../avr/lib/avr5/crtm64.o
__vector_25                                       c:/winavr-20070525/bin/../lib/gcc/avr/4.1.2/../../../../avr/lib/avr5/crtm64.o
__vector_26                                       c:/winavr-20070525/bin/../lib/gcc/avr/4.1.2/../../../../avr/lib/avr5/crtm64.o
__vector_27                                       c:/winavr-20070525/bin/../lib/gcc/avr/4.1.2/../../../../avr/lib/avr5/crtm64.o
__vector_28                                       c:/winavr-20070525/bin/../lib/gcc/avr/4.1.2/../../../../avr/lib/avr5/crtm64.o
__vector_29                                       c:/winavr-20070525/bin/../lib/gcc/avr/4.1.2/../../../../avr/lib/avr5/crtm64.o
__vector_3                                        c:/winavr-20070525/bin/../lib/gcc/avr/4.1.2/../../../../avr/lib/avr5/crtm64.o
__vector_30                                       c:/winavr-20070525/bin/../lib/gcc/avr/4.1.2/../../../../avr/lib/avr5/crtm64.o
__vector_31                                       c:/winavr-20070525/bin/../lib/gcc/avr/4.1.2/../../../../avr/lib/avr5/crtm64.o
__vector_32                                       c:/winavr-20070525/bin/../lib/gcc/avr/4.1.2/../../../../avr/lib/avr5/crtm64.o
__vector_33                                       c:/winavr-20070525/bin/../lib/gcc/avr/4.1.2/../../../../avr/lib/avr5/crtm64.o
__vector_34                                       c:/winavr-20070525/bin/../lib/gcc/avr/4.1.2/../../../../avr/lib/avr5/crtm64.o
__vector_4                                        c:/winavr-20070525/bin/../lib/gcc/avr/4.1.2/../../../../avr/lib/avr5/crtm64.o
__vector_5                                        c:/winavr-20070525/bin/../lib/gcc/avr/4.1.2/../../../../avr/lib/avr5/crtm64.o
__vector_6                                        c:/winavr-20070525/bin/../lib/gcc/avr/4.1.2/../../../../avr/lib/avr5/crtm64.o
__vector_7                                        c:/winavr-20070525/bin/../lib/gcc/avr/4.1.2/../../../../avr/lib/avr5/crtm64.o
__vector_8                                        autobaud.o
                                                  c:/winavr-20070525/bin/../lib/gcc/avr/4.1.2/../../../../avr/lib/avr5/crtm64.o
__vector_9                                        c:/winavr-20070525/bin/../lib/gcc/avr/4.1.2/../../../../avr/lib/avr5/crtm64.o
__vector_default                                  c:/winavr-20070525/bin/../lib/gcc/avr/4.1.2/../../../../avr/lib/avr5/crtm64.o
__vectors                                         c:/winavr-20070525/bin/../lib/gcc/avr/4.1.2/../../../../avr/lib/avr5/crtm64.o
_exit                                             c:/winavr-20070525/bin/../lib/gcc/avr/4.1.2/avr5\libgcc.a(_exit.o)
absolute                                          emain.o
                                                  ircmd.o
active_soc                                        ircmd.o
arpAdd                                            arp.o
                                                  mip.o
arpHandler                                        arp.o
                                                  emain.o
arpInit                                           arp.o
                                                  emain.o
arpMatchIp                                        arp.o
                                                  mip.o
arpProcess                                        arp.o
arpRequest                                        arp.o
                                                  mip.o
arpSetAddress                                     arp.o
                                                  mip.o
arppend                                           mip.o
arppendtime                                       mip.o
autobaud_rate                                     autobaud.o
autobaud_setup                                    autobaud.o
                                                  emain.o
autobaud_start                                    autobaud.o
autobaud_value                                    autobaud.o
b2X                                               conio.o
boot_addr                                         emain.o
boot_version                                      emain.o
                                                  sreg.o
                                                  msg.o
                                                  ircmd.o
                                                  autobaud.o
                                                  udpcmd.o
                                                  globals.o
                                                  time.o
                                                  console.o
                                                  conio.o
                                                  enc28j60.o
bootloader                                        emain.o
                                                  sreg.o
                                                  msg.o
                                                  ircmd.o
                                                  autobaud.o
                                                  udpcmd.o
                                                  globals.o
                                                  time.o
                                                  console.o
                                                  conio.o
                                                  enc28j60.o
bytecopy                                          emain.o
                                                  resolve.o
                                                  mip.o
                                                  udpcmd.o
                                                  arp.o
crc_boot                                          emain.o
                                                  sreg.o
                                                  msg.o
                                                  ircmd.o
                                                  autobaud.o
                                                  udpcmd.o
                                                  globals.o
                                                  time.o
                                                  console.o
                                                  conio.o
                                                  enc28j60.o
d2s                                               conio.o
delay_us                                          time.o
                                                  enc28j60.o
dhcpGetOption                                     dhcp.o
dhcpSetOption                                     dhcp.o
dhcp_callback                                     dhcp.o
dhcp_init                                         dhcp.o
                                                  ircmd.o
dhcp_process                                      dhcp.o
                                                  ircmd.o
dhcp_timer                                        dhcp.o
dhcpflags                                         dhcp.o
displayMessage                                    msg.o
                                                  ircmd.o
                                                  udpcmd.o
dtrflag                                           ircmd.o
elink                                             ircmd.o
enc28j60Init                                      enc28j60.o
enc28j60PacketReceive                             enc28j60.o
enc28j60PacketSend                                enc28j60.o
enc28j60PacketSendMulti                           enc28j60.o
enc28j60PhyRead                                   enc28j60.o
enc28j60PhyWrite                                  enc28j60.o
enc28j60Read                                      enc28j60.o
enc28j60ReadBuffer                                enc28j60.o
enc28j60ReadOp                                    enc28j60.o
enc28j60ReceiveOverflowRecover                    enc28j60.o
enc28j60RegDump                                   enc28j60.o
                                                  ircmd.o
enc28j60SetBank                                   enc28j60.o
enc28j60Write                                     enc28j60.o
enc28j60WriteBuffer                               enc28j60.o
enc28j60WriteOp                                   enc28j60.o
exit                                              c:/winavr-20070525/bin/../lib/gcc/avr/4.1.2/avr5\libgcc.a(_exit.o)
                                                  c:/winavr-20070525/bin/../lib/gcc/avr/4.1.2/../../../../avr/lib/avr5/crtm64.o
foundip                                           resolve.o
free_list                                         memory.o
getch                                             console.o
global_init                                       globals.o
                                                  ircmd.o
                                                  emain.o
gobble_name                                       resolve.o
icmp_echo_rx                                      ircmd.o
icmp_upcall                                       mip.o
ipConfig                                          mip.o
                                                  dhcp.o
                                                  emain.o
ip_send                                           mip.o
                                                  mudp.o
                                                  mtcp.o
ip_upcall                                         mip.o
                                                  emain.o
ipid                                              mudp.o
                                                  mtcp.o
                                                  mip.o
irCommand                                         ircmd.o
irCommandProcessor                                ircmd.o
irCommands                                        ircmd.o
                                                  emain.o
ircmd_buf                                         ircmd.o
ircmd_state                                       ircmd.o
isalnum                                           c:/winavr-20070525/bin/../lib/gcc/avr/4.1.2/../../../../avr/lib/avr5\libc.a(isalnum.o)
                                                  ircmd.o
                                                  udpcmd.o
isalpha                                           c:/winavr-20070525/bin/../lib/gcc/avr/4.1.2/../../../../avr/lib/avr5\libc.a(isalpha.o)
                                                  c:/winavr-20070525/bin/../lib/gcc/avr/4.1.2/../../../../avr/lib/avr5\libc.a(toupper.o)
                                                  c:/winavr-20070525/bin/../lib/gcc/avr/4.1.2/../../../../avr/lib/avr5\libc.a(isalnum.o)
isdigit                                           c:/winavr-20070525/bin/../lib/gcc/avr/4.1.2/../../../../avr/lib/avr5\libc.a(isdigit.o)
                                                  c:/winavr-20070525/bin/../lib/gcc/avr/4.1.2/../../../../avr/lib/avr5\libc.a(isalnum.o)
islower                                           c:/winavr-20070525/bin/../lib/gcc/avr/4.1.2/../../../../avr/lib/avr5\libc.a(isalpha.o)
isupper                                           c:/winavr-20070525/bin/../lib/gcc/avr/4.1.2/../../../../avr/lib/avr5\libc.a(isalpha.o)
main                                              emain.o
                                                  c:/winavr-20070525/bin/../lib/gcc/avr/4.1.2/../../../../avr/lib/avr5/crtm64.o
memcmp                                            c:/winavr-20070525/bin/../lib/gcc/avr/4.1.2/../../../../avr/lib/avr5\libc.a(memcmp.o)
                                                  emain.o
memory                                            memory.o
mm                                                dhcp.o
                                                  sreg.o
                                                  msg.o
                                                  resolve.o
                                                  mudp.o
                                                  mtcp.o
                                                  ircmd.o
                                                  mip.o
                                                  udpcmd.o
                                                  globals.o
                                                  console.o
                                                  emain.o
myip                                              mip.o
netmask                                           mip.o
nicGetMacAddress                                  enc28j60.o
                                                  dhcp.o
                                                  emain.o
nicInit                                           enc28j60.o
                                                  emain.o
nicIsLinked                                       enc28j60.o
                                                  ircmd.o
nicPoll                                           enc28j60.o
                                                  emain.o
nicRegDump                                        enc28j60.o
nicSend                                           enc28j60.o
                                                  arp.o
nicSendMulti                                      enc28j60.o
                                                  mip.o
nicSetMacAddress                                  enc28j60.o
                                                  emain.o
nic_intialize                                     emain.o
                                                  ircmd.o
poll_semi                                         emain.o
poll_serial                                       emain.o
                                                  dhcp.o
                                                  resolve.o
                                                  mtcp.o
                                                  ircmd.o
                                                  mip.o
                                                  udpcmd.o
printByte                                         conio.o
                                                  sreg.o
                                                  ircmd.o
                                                  enc28j60.o
printDWord                                        conio.o
                                                  sreg.o
printIP                                           conio.o
                                                  sreg.o
                                                  ircmd.o
                                                  udpcmd.o
printMAC                                          conio.o
                                                  sreg.o
printShort                                        conio.o
                                                  sreg.o
                                                  ircmd.o
                                                  udpcmd.o
printWord                                         conio.o
                                                  sreg.o
                                                  emain.o
putch                                             console.o
resolve_callback                                  resolve.o
resolve_name                                      resolve.o
                                                  ircmd.o
rx_pkt                                            dhcp.o
                                                  globals.o
                                                  emain.o
s2X                                               conio.o
s2ip                                              conio.o
                                                  sreg.o
                                                  ircmd.o
s2p                                               conio.o
                                                  sreg.o
                                                  ircmd.o
                                                  udpcmd.o
sRegister                                         sreg.o
                                                  ircmd.o
setup_hw                                          emain.o
smbuff                                            msg.o
                                                  conio.o
                                                  emain.o
smbuff1                                           emain.o
smbuff2                                           emain.o
snd_buff                                          ircmd.o
                                                  udpcmd.o
snd_count                                         ircmd.o
                                                  udpcmd.o
soc_num                                           ircmd.o
sockets                                           ircmd.o
strcmp                                            c:/winavr-20070525/bin/../lib/gcc/avr/4.1.2/../../../../avr/lib/avr5\libc.a(strcmp.o)
                                                  resolve.o
tcp_clean_socket                                  mtcp.o
tcp_close                                         mtcp.o
                                                  ircmd.o
tcp_init                                          mtcp.o
tcp_listen                                        mtcp.o
tcp_open                                          mtcp.o
                                                  ircmd.o
tcp_process                                       mtcp.o
                                                  ircmd.o
tcp_send                                          mtcp.o
                                                  ircmd.o
tcp_sendit                                        mtcp.o
tcp_socket                                        mtcp.o
tcp_socket_rx                                     ircmd.o
tcp_sport                                         mtcp.o
                                                  sreg.o
tcp_status                                        mtcp.o
                                                  sreg.o
                                                  ircmd.o
tcp_upcall                                        mtcp.o
                                                  mip.o
timer_expire                                      time.o
timer_set                                         time.o
                                                  mtcp.o
timer_timeout                                     time.o
                                                  mtcp.o
tmpflag                                           ircmd.o
toupper                                           c:/winavr-20070525/bin/../lib/gcc/avr/4.1.2/../../../../avr/lib/avr5\libc.a(toupper.o)
                                                  ircmd.o
                                                  udpcmd.o
udp_active                                        udpcmd.o
udp_bind                                          mudp.o
                                                  dhcp.o
                                                  resolve.o
                                                  udpcmd.o
udp_close                                         mudp.o
                                                  dhcp.o
                                                  resolve.o
                                                  udpcmd.o
udp_init                                          mudp.o
udp_ip                                            sreg.o
                                                  udpcmd.o
udp_len                                           sreg.o
                                                  udpcmd.o
udp_port                                          mudp.o
                                                  udpcmd.o
udp_ptr                                           sreg.o
                                                  udpcmd.o
udp_socket                                        mudp.o
udp_socket_rx                                     udpcmd.o
udp_sp                                            sreg.o
                                                  udpcmd.o
udp_tx                                            mudp.o
                                                  dhcp.o
                                                  resolve.o
                                                  udpcmd.o
udp_upcall                                        mudp.o
                                                  mip.o
udpcmd                                            udpcmd.o
                                                  ircmd.o
wait                                              console.o
